// Jest Snapshot v1, https://goo.gl/fbAQLP

exports[`PrivateRoute component should render correct 1`] = `null`;
