// Jest Snapshot v1, https://goo.gl/fbAQLP

exports[`VideoPlayer component should render correct 1`] = `
<div
  className="player"
>
  <video
    autoPlay={true}
    className="player__video"
    muted={false}
    onClick={[Function]}
    onLoadedMetadata={[Function]}
    onTimeUpdate={[Function]}
    poster="img/fantastic-beasts-the-crimes-of-grindelwald.jpg"
    src="https://upload.wikimedia.org/wikipedia/commons/transcoded/b/b3/Big_Buck_Bunny_Trailer_400p.ogv/Big_Buck_Bunny_Trailer_400p.ogv.360p.webm"
  />
  <button
    className="player__exit"
    onClick={[Function]}
    type="button"
  >
    Exit
  </button>
  <div
    className="player__controls"
  >
    <div
      className="player__controls-row"
    >
      <div
        className="player__time"
      >
        <progress
          className="player__progress"
          max="100"
        />
        <div
          className="player__toggler"
          style={
            Object {
              "left": "undefined%",
            }
          }
        >
          Toggler
        </div>
      </div>
      <div
        className="player__time-value"
      />
    </div>
    <div
      className="player__controls-row"
    >
      <button
        className="player__play"
        onClick={[Function]}
        type="button"
      >
        <svg
          height="19"
          viewBox="0 0 19 19"
          width="19"
        >
          <use
            xlinkHref="#play-s"
          />
        </svg>
        <span>
          Play
        </span>
      </button>
      <div
        className="player__name"
      >
        The Grand Budapest Hotel
      </div>
      <button
        className="player__full-screen"
        onClick={[Function]}
        type="button"
      >
        <svg
          height="27"
          viewBox="0 0 27 27"
          width="27"
        >
          <use
            xlinkHref="#full-screen"
          />
        </svg>
        <span>
          Full screen
        </span>
      </button>
    </div>
  </div>
</div>
`;
