// Jest Snapshot v1, https://goo.gl/fbAQLP

exports[`MyList component should render correct 1`] = `
<div
  className="user-page"
>
  <header
    className="page-header user-page__head"
  >
    <div
      className="logo"
    >
      <Link
        className="logo__link"
        to="/"
      >
        <span
          className="logo__letter logo__letter--1"
        >
          W
        </span>
        <span
          className="logo__letter logo__letter--2"
        >
          T
        </span>
        <span
          className="logo__letter logo__letter--3"
        >
          W
        </span>
      </Link>
    </div>
    <h1
      className="page-title user-page__title"
    >
      My list
    </h1>
    <user-block />
  </header>
  <section
    className="catalog"
  >
    <h2
      className="catalog__title visually-hidden"
    >
      Catalog
    </h2>
    <div
      className="catalog__movies-list"
    >
      <article
        className="small-movie-card catalog__movies-card"
        onClick={[Function]}
        onMouseEnter={[Function]}
        onMouseLeave={[Function]}
      >
        <Link
          style={
            Object {
              "color": "unset",
            }
          }
          to="/films/0"
        >
          <div
            className="small-movie-card__image"
          >
            <video
              height="175"
              width="280"
            />
          </div>
          <h3
            className="small-movie-card__title"
          >
            <span
              className="small-movie-card__link"
            >
              The Grand Budapest Hotel
            </span>
          </h3>
        </Link>
      </article>
      <article
        className="small-movie-card catalog__movies-card"
        onClick={[Function]}
        onMouseEnter={[Function]}
        onMouseLeave={[Function]}
      >
        <Link
          style={
            Object {
              "color": "unset",
            }
          }
          to="/films/1"
        >
          <div
            className="small-movie-card__image"
          >
            <video
              height="175"
              width="280"
            />
          </div>
          <h3
            className="small-movie-card__title"
          >
            <span
              className="small-movie-card__link"
            >
              Bohemian Rhapsody
            </span>
          </h3>
        </Link>
      </article>
      <article
        className="small-movie-card catalog__movies-card"
        onClick={[Function]}
        onMouseEnter={[Function]}
        onMouseLeave={[Function]}
      >
        <Link
          style={
            Object {
              "color": "unset",
            }
          }
          to="/films/2"
        >
          <div
            className="small-movie-card__image"
          >
            <video
              height="175"
              width="280"
            />
          </div>
          <h3
            className="small-movie-card__title"
          >
            <span
              className="small-movie-card__link"
            >
              Macbeth
            </span>
          </h3>
        </Link>
      </article>
      <article
        className="small-movie-card catalog__movies-card"
        onClick={[Function]}
        onMouseEnter={[Function]}
        onMouseLeave={[Function]}
      >
        <Link
          style={
            Object {
              "color": "unset",
            }
          }
          to="/films/3"
        >
          <div
            className="small-movie-card__image"
          >
            <video
              height="175"
              width="280"
            />
          </div>
          <h3
            className="small-movie-card__title"
          >
            <span
              className="small-movie-card__link"
            >
              Aviator
            </span>
          </h3>
        </Link>
      </article>
      <article
        className="small-movie-card catalog__movies-card"
        onClick={[Function]}
        onMouseEnter={[Function]}
        onMouseLeave={[Function]}
      >
        <Link
          style={
            Object {
              "color": "unset",
            }
          }
          to="/films/4"
        >
          <div
            className="small-movie-card__image"
          >
            <video
              height="175"
              width="280"
            />
          </div>
          <h3
            className="small-movie-card__title"
          >
            <span
              className="small-movie-card__link"
            >
              We need to talk about Kevin
            </span>
          </h3>
        </Link>
      </article>
      <article
        className="small-movie-card catalog__movies-card"
        onClick={[Function]}
        onMouseEnter={[Function]}
        onMouseLeave={[Function]}
      >
        <Link
          style={
            Object {
              "color": "unset",
            }
          }
          to="/films/5"
        >
          <div
            className="small-movie-card__image"
          >
            <video
              height="175"
              width="280"
            />
          </div>
          <h3
            className="small-movie-card__title"
          >
            <span
              className="small-movie-card__link"
            >
              What We Do in the Shadows
            </span>
          </h3>
        </Link>
      </article>
      <article
        className="small-movie-card catalog__movies-card"
        onClick={[Function]}
        onMouseEnter={[Function]}
        onMouseLeave={[Function]}
      >
        <Link
          style={
            Object {
              "color": "unset",
            }
          }
          to="/films/6"
        >
          <div
            className="small-movie-card__image"
          >
            <video
              height="175"
              width="280"
            />
          </div>
          <h3
            className="small-movie-card__title"
          >
            <span
              className="small-movie-card__link"
            >
              Revenant
            </span>
          </h3>
        </Link>
      </article>
      <article
        className="small-movie-card catalog__movies-card"
        onClick={[Function]}
        onMouseEnter={[Function]}
        onMouseLeave={[Function]}
      >
        <Link
          style={
            Object {
              "color": "unset",
            }
          }
          to="/films/7"
        >
          <div
            className="small-movie-card__image"
          >
            <video
              height="175"
              width="280"
            />
          </div>
          <h3
            className="small-movie-card__title"
          >
            <span
              className="small-movie-card__link"
            >
              Johnny English
            </span>
          </h3>
        </Link>
      </article>
    </div>
  </section>
  <footer
    className="page-footer"
  >
    <div
      className="logo"
    >
      <Link
        className="logo__link logo__link--light"
        to="/"
      >
        <span
          className="logo__letter logo__letter--1"
        >
          W
        </span>
        <span
          className="logo__letter logo__letter--2"
        >
          T
        </span>
        <span
          className="logo__letter logo__letter--3"
        >
          W
        </span>
      </Link>
    </div>
    <div
      className="copyright"
    >
      <p>
        Â© 2019 What to watch Ltd.
      </p>
    </div>
  </footer>
</div>
`;
