// Jest Snapshot v1, https://goo.gl/fbAQLP

exports[`withIsValid HOC is rendered correctly 1`] = `<div />`;
