// Jest Snapshot v1, https://goo.gl/fbAQLP

exports[`Tabs component should render correct 1`] = `
<ul
  className="movie-nav__list"
>
  <li
    className="movie-nav__item movie-nav__item--active"
  >
    <a
      className="movie-nav__link"
      href="#"
      onClick={[Function]}
    >
      Overview
    </a>
  </li>
  <li
    className="movie-nav__item "
  >
    <a
      className="movie-nav__link"
      href="#"
      onClick={[Function]}
    >
      Details
    </a>
  </li>
  <li
    className="movie-nav__item "
  >
    <a
      className="movie-nav__link"
      href="#"
      onClick={[Function]}
    >
      Reviews
    </a>
  </li>
</ul>
`;
