// Jest Snapshot v1, https://goo.gl/fbAQLP

exports[`withActiveItem HOC is rendered correctly 1`] = `<div />`;
