// Jest Snapshot v1, https://goo.gl/fbAQLP

exports[`SignIn component should render correct 1`] = `
<div
  className="user-page"
>
  <header
    className="page-header user-page__head"
  >
    <div
      className="logo"
    >
      <Link
        className="logo__link"
        to="/"
      >
        <span
          className="logo__letter logo__letter--1"
        >
          W
        </span>
        <span
          className="logo__letter logo__letter--2"
        >
          T
        </span>
        <span
          className="logo__letter logo__letter--3"
        >
          W
        </span>
      </Link>
    </div>
    <h1
      className="page-title user-page__title"
    >
      Sign in
    </h1>
  </header>
  <div
    className="sign-in user-page__content"
  >
    <form
      action="#"
      className="sign-in__form"
      onSubmit={[Function]}
    >
      <div
        className="sign-in__fields"
      >
        <div
          className="sign-in__field"
        >
          <input
            className="sign-in__input"
            defaultValue=""
            id="user-email"
            name="user-email"
            placeholder="Email address"
            required={true}
            type="email"
          />
          <label
            className="sign-in__label visually-hidden"
            htmlFor="user-email"
          >
            Email address
          </label>
        </div>
        <div
          className="sign-in__field"
        >
          <input
            className="sign-in__input"
            defaultValue=""
            id="user-password"
            name="user-password"
            placeholder="Password"
            required={true}
            type="password"
          />
          <label
            className="sign-in__label visually-hidden"
            htmlFor="user-password"
          >
            Password
          </label>
        </div>
      </div>
      <div
        className="sign-in__submit"
      >
        <button
          className="sign-in__btn"
          type="submit"
        >
          Sign in
        </button>
      </div>
    </form>
  </div>
  <footer
    className="page-footer"
  >
    <div
      className="logo"
    >
      <Link
        className="logo__link logo__link--light"
        to="/"
      >
        <span
          className="logo__letter logo__letter--1"
        >
          W
        </span>
        <span
          className="logo__letter logo__letter--2"
        >
          T
        </span>
        <span
          className="logo__letter logo__letter--3"
        >
          W
        </span>
      </Link>
    </div>
    <div
      className="copyright"
    >
      <p>
        Â© 2019 What to watch Ltd.
      </p>
    </div>
  </footer>
</div>
`;
